#
# A fatal error has been detected by the Java Runtime Environment:
#
#  EXCEPTION_ACCESS_VIOLATION (0xc0000005) at pc=0x0000018abcf81066, pid=15120, tid=0x00000000000060c8
#
# JRE version: OpenJDK Runtime Environment (8.0_312-b07) (build 1.8.0_312-b07)
# Java VM: OpenJDK 64-Bit Server VM (25.312-b07 mixed mode windows-amd64 compressed oops)
# Problematic frame:
# C  [OpenAL64.dll+0x11066]
#
# Failed to write core dump. Minidumps are not enabled by default on client versions of Windows
#
# If you would like to submit a bug report, please visit:
#   https://github.com/adoptium/adoptium-support/issues
# The crash happened outside the Java Virtual Machine in native code.
# See problematic frame for where to report the bug.
#

---------------  T H R E A D  ---------------

Current thread (0x0000018ad7957000):  JavaThread "Thread-12" [_thread_in_native, id=24776, stack(0x000000153b500000,0x000000153b600000)]

siginfo: ExceptionCode=0xc0000005, reading address 0x0000018aa9a53004

Registers:
RAX=0x0000000000000004, RBX=0x0000018abdae0090, RCX=0x0000018aa9a53008, RDX=0x0000018aa9a53004
RSP=0x000000153b5fedf0, RBP=0x00000000000000ff, RSI=0x0000018aa9a51a0c, RDI=0x0000000000000000
R8 =0x000000000000057e, R9 =0x0000018aa9a51a0c, R10=0x0000018af0249c62, R11=0x0000000077991ae0
R12=0x0000000000000001, R13=0x0000018add8d3010, R14=0x000000153b5fef88, R15=0x0000018ad7957000
RIP=0x0000018abcf81066, EFLAGS=0x0000000000010202

Top of Stack: (sp=0x000000153b5fedf0)
0x000000153b5fedf0:   0000018aaad6c990 0000000000000000
0x000000153b5fee00:   000000153b5fee18 000000153b5fee80
0x000000153b5fee10:   000000153b5fee80 0000000000000000
0x000000153b5fee20:   0000000000000007 0000018aacaa4e30
0x000000153b5fee30:   0000018add8d3010 0000018add8d3010
0x000000153b5fee40:   0000018aab69e7b0 000000007782a695
0x000000153b5fee50:   000000153b5ff5f0 0000018ab8eb9668
0x000000153b5fee60:   0000018ad7957000 000000153b5fef88
0x000000153b5fee70:   0000018add8d3010 0000000000000000
0x000000153b5fee80:   0000018aa9a51a0c 0000018aa9a51a0c
0x000000153b5fee90:   000000153b5fef50 0000018abcf8248f
0x000000153b5feea0:   0000018abdae0090 0000018abdae0090
0x000000153b5feeb0:   0000018a0000ac44 0000018a00000004
0x000000153b5feec0:   00000003c404fd78 0000018af0249c8e
0x000000153b5feed0:   0000018add8d3010 00000006ed3bcc68
0x000000153b5feee0:   000000153b5feee0 0000018add8d5e41 

Instructions: (pc=0x0000018abcf81066)
0x0000018abcf81046:   41 2b ec 81 3a 03 00 02 00 75 09 8b 01 89 84 24
0x0000018abcf81056:   c8 00 00 00 49 83 c0 02 48 83 c1 08 4a 8d 14 86
0x0000018abcf81066:   39 3a 75 af 4c 8d 84 24 c0 00 00 00 48 8d 15 d7
0x0000018abcf81076:   2b 03 00 33 c9 e8 58 5f 00 00 b8 40 1f 00 00 4c 


Register to memory mapping:

RAX=0x0000000000000004 is an unknown value
RBX=0x0000018abdae0090 is an unknown value
RCX=0x0000018aa9a53008 is an unknown value
RDX=0x0000018aa9a53004 is an unknown value
RSP=0x000000153b5fedf0 is pointing into the stack for thread: 0x0000018ad7957000
RBP=0x00000000000000ff is an unknown value
RSI=0x0000018aa9a51a0c is an unknown value
RDI=0x0000000000000000 is an unknown value
R8 =0x000000000000057e is an unknown value
R9 =0x0000018aa9a51a0c is an unknown value
R10=0x0000018af0249c62 is at code_begin+962 in an Interpreter codelet
method entry point (kind = native)  [0x0000018af02498a0, 0x0000018af024a340]  2720 bytes
R11=0x0000000077991ae0 is an unknown value
R12=0x0000000000000001 is an unknown value
R13={method} {0x0000018add8d3018} 'nalcCreateContext' '(JJ)J' in 'org/lwjgl/openal/ALC10'
R14=0x000000153b5fef88 is pointing into the stack for thread: 0x0000018ad7957000
R15=0x0000018ad7957000 is a thread


Stack: [0x000000153b500000,0x000000153b600000],  sp=0x000000153b5fedf0,  free space=1019k
Native frames: (J=compiled Java code, j=interpreted, Vv=VM code, C=native code)
C  [OpenAL64.dll+0x11066]
C  [OpenAL64.dll+0x1248f]
C  0x0000018af0249c8e

Java frames: (J=compiled Java code, j=interpreted, Vv=VM code)
j  org.lwjgl.openal.ALC10.nalcCreateContext(JJ)J+0
j  org.lwjgl.openal.ALC10.alcCreateContext(Lorg/lwjgl/openal/ALCdevice;Ljava/nio/IntBuffer;)Lorg/lwjgl/openal/ALCcontext;+8
j  org.lwjgl.openal.AL.init(Ljava/lang/String;IIZZ)V+69
j  org.lwjgl.openal.AL.create(Ljava/lang/String;IIZZ)V+246
j  org.lwjgl.openal.AL.create(Ljava/lang/String;IIZ)V+5
j  org.lwjgl.openal.AL.create()V+6
j  paulscode.sound.libraries.LibraryLWJGLOpenAL.init()V+2
j  paulscode.sound.SoundSystem.CommandNewLibrary(Ljava/lang/Class;)V+273
j  paulscode.sound.SoundSystem.CommandQueue(Lpaulscode/sound/CommandObject;)Z+1206
j  paulscode.sound.CommandThread.run()V+51
v  ~StubRoutines::call_stub

---------------  P R O C E S S  ---------------

Java Threads: ( => current thread )
  0x0000018ad795f000 JavaThread "Thread-13" [_thread_blocked, id=27664, stack(0x000000153b900000,0x000000153ba00000)]
  0x0000018ad7966000 JavaThread "ForkJoinPool-1-worker-11" daemon [_thread_blocked, id=18292, stack(0x000000153b800000,0x000000153b900000)]
  0x0000018ad7963000 JavaThread "ForkJoinPool-1-worker-2" daemon [_thread_blocked, id=30784, stack(0x000000153b700000,0x000000153b800000)]
  0x0000018ad7962000 JavaThread "ForkJoinPool-1-worker-9" daemon [_thread_blocked, id=30524, stack(0x000000153b600000,0x000000153b700000)]
=>0x0000018ad7957000 JavaThread "Thread-12" [_thread_in_native, id=24776, stack(0x000000153b500000,0x000000153b600000)]
  0x0000018ad795e800 JavaThread "Sound Library Loader" [_thread_blocked, id=15444, stack(0x000000153b400000,0x000000153b500000)]
  0x0000018aab40d800 JavaThread "ForkJoinPool.commonPool-worker-0" daemon [_thread_blocked, id=20168, stack(0x000000153a900000,0x000000153aa00000)]
  0x0000018aab411800 JavaThread "ForkJoinPool.commonPool-worker-6" daemon [_thread_blocked, id=22200, stack(0x000000153a600000,0x000000153a700000)]
  0x0000018aab411000 JavaThread "ForkJoinPool.commonPool-worker-1" daemon [_thread_blocked, id=27544, stack(0x0000001535c00000,0x0000001535d00000)]
  0x0000018aab40d000 JavaThread "ForkJoinPool.commonPool-worker-10" daemon [_thread_blocked, id=4872, stack(0x0000001535b00000,0x0000001535c00000)]
  0x0000018aab405000 JavaThread "ForkJoinPool.commonPool-worker-2" daemon [_thread_blocked, id=10160, stack(0x0000001535a00000,0x0000001535b00000)]
  0x0000018aab409000 JavaThread "Keep-Alive-SocketCleaner" daemon [_thread_blocked, id=35068, stack(0x0000001539700000,0x0000001539800000)]
  0x0000018aadf43000 JavaThread "File IO Thread" [_thread_blocked, id=27792, stack(0x000000153a200000,0x000000153a300000)]
  0x0000018aadf44800 JavaThread "Culling Thread" daemon [_thread_blocked, id=20064, stack(0x000000153b000000,0x000000153b100000)]
  0x0000018aadf42800 JavaThread "ForkJoinPool.commonPool-worker-7" daemon [_thread_blocked, id=32320, stack(0x000000153af00000,0x000000153b000000)]
  0x0000018aadf47000 JavaThread "ForkJoinPool.commonPool-worker-5" daemon [_thread_blocked, id=20192, stack(0x000000153ae00000,0x000000153af00000)]
  0x0000018aadf48000 JavaThread "ForkJoinPool.commonPool-worker-12" daemon [_thread_blocked, id=6804, stack(0x000000153ac00000,0x000000153ad00000)]
  0x0000018aadf46000 JavaThread "ForkJoinPool.commonPool-worker-3" daemon [_thread_blocked, id=18664, stack(0x000000153ab00000,0x000000153ac00000)]
  0x0000018aa9e07800 JavaThread "ForkJoinPool.commonPool-worker-8" daemon [_thread_blocked, id=25444, stack(0x000000153a800000,0x000000153a900000)]
  0x0000018aa9e0b800 JavaThread "ForkJoinPool.commonPool-worker-15" daemon [_thread_blocked, id=6404, stack(0x000000153a700000,0x000000153a800000)]
  0x0000018aad108000 JavaThread "ForkJoinPool.commonPool-worker-13" daemon [_thread_blocked, id=10140, stack(0x000000153a500000,0x000000153a600000)]
  0x0000018aad107000 JavaThread "ForkJoinPool.commonPool-worker-4" daemon [_thread_blocked, id=8628, stack(0x000000153a400000,0x000000153a500000)]
  0x0000018aad104000 JavaThread "ForkJoinPool.commonPool-worker-11" daemon [_thread_blocked, id=2472, stack(0x000000153a300000,0x000000153a400000)]
  0x0000018aad106800 JavaThread "ForkJoinPool.commonPool-worker-9" daemon [_thread_blocked, id=22972, stack(0x000000153a100000,0x000000153a200000)]
  0x0000018aad101000 JavaThread "LWJGL Timer" daemon [_thread_blocked, id=25244, stack(0x000000153a000000,0x000000153a100000)]
  0x0000018aad105800 JavaThread "Thread-6" [_thread_blocked, id=24996, stack(0x0000001539f00000,0x000000153a000000)]
  0x0000018aa9e0a000 JavaThread "Java2D Disposer" daemon [_thread_blocked, id=6276, stack(0x0000001538100000,0x0000001538200000)]
  0x0000018aa9e09000 JavaThread "Timer hack thread" daemon [_thread_blocked, id=35776, stack(0x0000001538000000,0x0000001538100000)]
  0x0000018aa9e05000 JavaThread "Snooper Timer" daemon [_thread_blocked, id=33920, stack(0x0000001537f00000,0x0000001538000000)]
  0x0000018aa9e07000 JavaThread "spark-monitoring-thread" daemon [_thread_blocked, id=23624, stack(0x0000001539300000,0x0000001539400000)]
  0x0000018aa9dfd800 JavaThread "InnocuousThread-17" daemon [_thread_in_native, id=30336, stack(0x0000001539200000,0x0000001539300000)]
  0x0000018aa9e04800 JavaThread "InnocuousThread-16" daemon [_thread_in_native, id=33732, stack(0x0000001539100000,0x0000001539200000)]
  0x0000018aa9dfe000 JavaThread "InnocuousThread-15" daemon [_thread_in_native, id=23092, stack(0x0000001539000000,0x0000001539100000)]
  0x0000018aa9e03800 JavaThread "InnocuousThread-14" daemon [_thread_in_native, id=18000, stack(0x0000001538f00000,0x0000001539000000)]
  0x0000018aa9e02000 JavaThread "InnocuousThread-13" daemon [_thread_in_native, id=7252, stack(0x0000001538e00000,0x0000001538f00000)]
  0x0000018aa9dff800 JavaThread "InnocuousThread-12" daemon [_thread_in_native, id=25796, stack(0x0000001538d00000,0x0000001538e00000)]
  0x0000018aa9e01800 JavaThread "InnocuousThread-11" daemon [_thread_in_native, id=22352, stack(0x0000001538c00000,0x0000001538d00000)]
  0x0000018aa9e00800 JavaThread "InnocuousThread-10" daemon [_thread_in_native, id=26444, stack(0x0000001538b00000,0x0000001538c00000)]
  0x0000018aa9dff000 JavaThread "InnocuousThread-9" daemon [_thread_in_native, id=13460, stack(0x0000001538a00000,0x0000001538b00000)]
  0x0000018aa9e03000 JavaThread "InnocuousThread-8" daemon [_thread_in_native, id=19836, stack(0x0000001538900000,0x0000001538a00000)]
  0x0000018aa8344800 JavaThread "InnocuousThread-7" daemon [_thread_in_native, id=11380, stack(0x0000001538800000,0x0000001538900000)]
  0x0000018aa834b000 JavaThread "InnocuousThread-6" daemon [_thread_in_native, id=4376, stack(0x0000001538700000,0x0000001538800000)]
  0x0000018aa834a000 JavaThread "InnocuousThread-5" daemon [_thread_in_native, id=25240, stack(0x0000001538600000,0x0000001538700000)]
  0x0000018aa9d0c800 JavaThread "InnocuousThread-4" daemon [_thread_in_native, id=8304, stack(0x0000001538500000,0x0000001538600000)]
  0x0000018aa9d0b000 JavaThread "InnocuousThread-3" daemon [_thread_in_native, id=18956, stack(0x0000001538400000,0x0000001538500000)]
  0x0000018aab479800 JavaThread "InnocuousThread-2" daemon [_thread_in_native, id=7536, stack(0x0000001538300000,0x0000001538400000)]
  0x0000018aab478800 JavaThread "InnocuousThread-1" daemon [_thread_in_native, id=25856, stack(0x0000001538200000,0x0000001538300000)]
  0x0000018aa97c6800 JavaThread "LauncherLogger-Worker" daemon [_thread_blocked, id=24732, stack(0x0000001537e00000,0x0000001537f00000)]
  0x0000018aa83eb000 JavaThread "Service Thread" daemon [_thread_blocked, id=2940, stack(0x0000001537c00000,0x0000001537d00000)]
  0x0000018aa8349800 JavaThread "C1 CompilerThread11" daemon [_thread_blocked, id=15184, stack(0x0000001537b00000,0x0000001537c00000)]
  0x0000018aa834b800 JavaThread "C1 CompilerThread10" daemon [_thread_blocked, id=34596, stack(0x0000001537a00000,0x0000001537b00000)]
  0x0000018aa8348000 JavaThread "C1 CompilerThread9" daemon [_thread_blocked, id=4372, stack(0x0000001537900000,0x0000001537a00000)]
  0x0000018aa8348800 JavaThread "C1 CompilerThread8" daemon [_thread_blocked, id=17432, stack(0x0000001537800000,0x0000001537900000)]
  0x0000018aa8347000 JavaThread "C2 CompilerThread7" daemon [_thread_blocked, id=14204, stack(0x0000001537700000,0x0000001537800000)]
  0x0000018aa8346000 JavaThread "C2 CompilerThread6" daemon [_thread_blocked, id=33816, stack(0x0000001537600000,0x0000001537700000)]
  0x0000018aa833a000 JavaThread "C2 CompilerThread5" daemon [_thread_in_native, id=2876, stack(0x0000001537500000,0x0000001537600000)]
  0x0000018aa832f000 JavaThread "C2 CompilerThread4" daemon [_thread_blocked, id=20588, stack(0x0000001537400000,0x0000001537500000)]
  0x0000018aa832e000 JavaThread "C2 CompilerThread3" daemon [_thread_in_native, id=26792, stack(0x0000001537300000,0x0000001537400000)]
  0x0000018aa8328800 JavaThread "C2 CompilerThread2" daemon [_thread_blocked, id=24256, stack(0x0000001537200000,0x0000001537300000)]
  0x0000018aa8327000 JavaThread "C2 CompilerThread1" daemon [_thread_blocked, id=3240, stack(0x0000001537100000,0x0000001537200000)]
  0x0000018aa832d000 JavaThread "C2 CompilerThread0" daemon [_thread_blocked, id=7580, stack(0x0000001537000000,0x0000001537100000)]
  0x0000018aa831f000 JavaThread "Attach Listener" daemon [_thread_blocked, id=35604, stack(0x0000001536f00000,0x0000001537000000)]
  0x0000018aa831c000 JavaThread "Signal Dispatcher" daemon [_thread_blocked, id=33576, stack(0x0000001536e00000,0x0000001536f00000)]
  0x0000018aa82f7000 JavaThread "Finalizer" daemon [_thread_blocked, id=34572, stack(0x0000001536d00000,0x0000001536e00000)]
  0x0000018aa82f0800 JavaThread "Reference Handler" daemon [_thread_blocked, id=34216, stack(0x0000001536c00000,0x0000001536d00000)]
  0x0000018aee71a800 JavaThread "Client thread" [_thread_in_Java, id=18052, stack(0x0000001535d00000,0x0000001535e00000)]

Other Threads:
  0x0000018aa55f9000 VMThread [stack: 0x0000001536b00000,0x0000001536c00000] [id=4360]
  0x0000018aa83ec800 WatcherThread [stack: 0x0000001537d00000,0x0000001537e00000] [id=6132]

VM state:not at safepoint (normal execution)

VM Mutex/Monitor currently owned by a thread: None

heap address: 0x00000003c4000000, size: 16320 MB, Compressed Oops mode: Zero based, Oop shift amount: 3
Narrow klass base: 0x0000000000000000, Narrow klass shift: 3
Compressed class space size: 1073741824 Address: 0x00000007c0000000

Heap:
 PSYoungGen      total 3227648K, used 2583142K [0x000000066c000000, 0x0000000758e80000, 0x00000007c0000000)
  eden space 2916352K, 78% used [0x000000066c000000,0x00000006f820d018,0x000000071e000000)
  from space 311296K, 92% used [0x000000071e000000,0x000000072f88cb98,0x0000000731000000)
  to   space 352256K, 0% used [0x0000000743680000,0x0000000743680000,0x0000000758e80000)
 ParOldGen       total 1214976K, used 816839K [0x00000003c4000000, 0x000000040e280000, 0x000000066c000000)
  object space 1214976K, 67% used [0x00000003c4000000,0x00000003f5db1d40,0x000000040e280000)
 Metaspace       used 218257K, capacity 234116K, committed 234368K, reserved 1236992K
  class space    used 37577K, capacity 47181K, committed 47232K, reserved 1048576K

Card table byte_map: [0x0000018a80000000,0x0000018a81ff0000] byte_map_base: 0x0000018a7e1e0000

Marking Bits: (ParMarkBitMap*) 0x0000000077f7c860
 Begin Bits: [0x0000018a83530000, 0x0000018a93430000)
 End Bits:   [0x0000018a93430000, 0x0000018aa3330000)

Polling page: 0x0000018aee9b0000

CodeCache: size=245760Kb used=47506Kb max_used=48477Kb free=198253Kb
 bounds [0x0000018af0230000, 0x0000018af3200000, 0x0000018aff230000]
 total_blobs=13722 nmethods=12230 adapters=1400
 compilation: enabled

Compilation events (10 events):
Event: 61.849 Thread 0x0000018aa8347000 nmethod 16769 0x0000018af3065010 code [0x0000018af3065160, 0x0000018af3065258]
Event: 61.849 Thread 0x0000018aa833a000 16774       4       net.minecraft.client.renderer.block.statemap.StateMap::func_178132_a (170 bytes)
Event: 61.849 Thread 0x0000018aa8348000 nmethod 16772 0x0000018af0f1b590 code [0x0000018af0f1b740, 0x0000018af0f1be70]
Event: 61.849 Thread 0x0000018aa8346000 nmethod 16754 0x0000018af1005210 code [0x0000018af10053c0, 0x0000018af1005bd8]
Event: 61.849 Thread 0x0000018aa8349800 nmethod 16771 0x0000018af3065810 code [0x0000018af30659e0, 0x0000018af30661b0]
Event: 61.849 Thread 0x0000018aa834b800 nmethod 16773 0x0000018af0f1ea90 code [0x0000018af0f1ec00, 0x0000018af0f1f0f0]
Event: 61.849 Thread 0x0000018aa8348800 16775       1       it.unimi.dsi.fastutil.objects.Object2ObjectArrayMap::access$000 (5 bytes)
Event: 61.850 Thread 0x0000018aa8348800 nmethod 16775 0x0000018af0f1b2d0 code [0x0000018af0f1b420, 0x0000018af0f1b518]
Event: 61.850 Thread 0x0000018aa832d000 nmethod 16767 0x0000018af0934a90 code [0x0000018af0934be0, 0x0000018af0934dd8]
Event: 61.850 Thread 0x0000018aa832f000 nmethod 16750 0x0000018af09362d0 code [0x0000018af09364c0, 0x0000018af0937338]

GC Heap History (10 events):
Event: 45.889 GC heap before
{Heap before GC invocations=31 (full 5):
 PSYoungGen      total 2806784K, used 138176K [0x000000066c000000, 0x0000000725900000, 0x00000007c0000000)
  eden space 2640896K, 0% used [0x000000066c000000,0x000000066c000000,0x000000070d300000)
  from space 165888K, 83% used [0x0000000718200000,0x00000007208f0320,0x0000000722400000)
  to   space 179200K, 0% used [0x000000070d300000,0x000000070d300000,0x0000000718200000)
 ParOldGen       total 711168K, used 427662K [0x00000003c4000000, 0x00000003ef680000, 0x000000066c000000)
  object space 711168K, 60% used [0x00000003c4000000,0x00000003de1a3860,0x00000003ef680000)
 Metaspace       used 144635K, capacity 148803K, committed 148864K, reserved 1175552K
  class space    used 21566K, capacity 22869K, committed 22912K, reserved 1048576K
Event: 46.145 GC heap after
Heap after GC invocations=31 (full 5):
 PSYoungGen      total 2806784K, used 0K [0x000000066c000000, 0x0000000725900000, 0x00000007c0000000)
  eden space 2640896K, 0% used [0x000000066c000000,0x000000066c000000,0x000000070d300000)
  from space 165888K, 0% used [0x0000000718200000,0x0000000718200000,0x0000000722400000)
  to   space 179200K, 0% used [0x000000070d300000,0x000000070d300000,0x0000000718200000)
 ParOldGen       total 817152K, used 514564K [0x00000003c4000000, 0x00000003f5e00000, 0x000000066c000000)
  object space 817152K, 62% used [0x00000003c4000000,0x00000003e36812a0,0x00000003f5e00000)
 Metaspace       used 144635K, capacity 148803K, committed 148864K, reserved 1175552K
  class space    used 21566K, capacity 22869K, committed 22912K, reserved 1048576K
}
Event: 48.858 GC heap before
{Heap before GC invocations=32 (full 5):
 PSYoungGen      total 2806784K, used 2640896K [0x000000066c000000, 0x0000000725900000, 0x00000007c0000000)
  eden space 2640896K, 100% used [0x000000066c000000,0x000000070d300000,0x000000070d300000)
  from space 165888K, 0% used [0x0000000718200000,0x0000000718200000,0x0000000722400000)
  to   space 179200K, 0% used [0x000000070d300000,0x000000070d300000,0x0000000718200000)
 ParOldGen       total 817152K, used 514564K [0x00000003c4000000, 0x00000003f5e00000, 0x000000066c000000)
  object space 817152K, 62% used [0x00000003c4000000,0x00000003e36812a0,0x00000003f5e00000)
 Metaspace       used 156580K, capacity 161630K, committed 161920K, reserved 1185792K
  class space    used 22723K, capacity 24689K, committed 24704K, reserved 1048576K
Event: 48.941 GC heap after
Heap after GC invocations=32 (full 5):
 PSYoungGen      total 2820096K, used 179178K [0x000000066c000000, 0x000000073f800000, 0x00000007c0000000)
  eden space 2640896K, 0% used [0x000000066c000000,0x000000066c000000,0x000000070d300000)
  from space 179200K, 99% used [0x000000070d300000,0x00000007181fa810,0x0000000718200000)
  to   space 237568K, 0% used [0x0000000731000000,0x0000000731000000,0x000000073f800000)
 ParOldGen       total 817152K, used 603754K [0x00000003c4000000, 0x00000003f5e00000, 0x000000066c000000)
  object space 817152K, 73% used [0x00000003c4000000,0x00000003e8d9abe8,0x00000003f5e00000)
 Metaspace       used 156580K, capacity 161630K, committed 161920K, reserved 1185792K
  class space    used 22723K, capacity 24689K, committed 24704K, reserved 1048576K
}
Event: 52.542 GC heap before
{Heap before GC invocations=33 (full 5):
 PSYoungGen      total 2820096K, used 2820074K [0x000000066c000000, 0x000000073f800000, 0x00000007c0000000)
  eden space 2640896K, 100% used [0x000000066c000000,0x000000070d300000,0x000000070d300000)
  from space 179200K, 99% used [0x000000070d300000,0x00000007181fa810,0x0000000718200000)
  to   space 237568K, 0% used [0x0000000731000000,0x0000000731000000,0x000000073f800000)
 ParOldGen       total 817152K, used 603754K [0x00000003c4000000, 0x00000003f5e00000, 0x000000066c000000)
  object space 817152K, 73% used [0x00000003c4000000,0x00000003e8d9abe8,0x00000003f5e00000)
 Metaspace       used 191079K, capacity 204945K, committed 205312K, reserved 1214464K
  class space    used 31824K, capacity 40338K, committed 40448K, reserved 1048576K
Event: 52.647 GC heap after
Heap after GC invocations=33 (full 5):
 PSYoungGen      total 3153920K, used 237546K [0x000000066c000000, 0x000000074a300000, 0x00000007c0000000)
  eden space 2916352K, 0% used [0x000000066c000000,0x000000066c000000,0x000000071e000000)
  from space 237568K, 99% used [0x0000000731000000,0x000000073f7faa78,0x000000073f800000)
  to   space 311296K, 0% used [0x000000071e000000,0x000000071e000000,0x0000000731000000)
 ParOldGen       total 817152K, used 704356K [0x00000003c4000000, 0x00000003f5e00000, 0x000000066c000000)
  object space 817152K, 86% used [0x00000003c4000000,0x00000003eefd9368,0x00000003f5e00000)
 Metaspace       used 191079K, capacity 204945K, committed 205312K, reserved 1214464K
  class space    used 31824K, capacity 40338K, committed 40448K, reserved 1048576K
}
Event: 52.647 GC heap before
{Heap before GC invocations=34 (full 6):
 PSYoungGen      total 3153920K, used 237546K [0x000000066c000000, 0x000000074a300000, 0x00000007c0000000)
  eden space 2916352K, 0% used [0x000000066c000000,0x000000066c000000,0x000000071e000000)
  from space 237568K, 99% used [0x0000000731000000,0x000000073f7faa78,0x000000073f800000)
  to   space 311296K, 0% used [0x000000071e000000,0x000000071e000000,0x0000000731000000)
 ParOldGen       total 817152K, used 704356K [0x00000003c4000000, 0x00000003f5e00000, 0x000000066c000000)
  object space 817152K, 86% used [0x00000003c4000000,0x00000003eefd9368,0x00000003f5e00000)
 Metaspace       used 191079K, capacity 204945K, committed 205312K, reserved 1214464K
  class space    used 31824K, capacity 40338K, committed 40448K, reserved 1048576K
Event: 53.520 GC heap after
Heap after GC invocations=34 (full 6):
 PSYoungGen      total 3153920K, used 71591K [0x000000066c000000, 0x000000074a300000, 0x00000007c0000000)
  eden space 2916352K, 0% used [0x000000066c000000,0x000000066c000000,0x000000071e000000)
  from space 237568K, 30% used [0x0000000731000000,0x00000007355e9e40,0x000000073f800000)
  to   space 311296K, 0% used [0x000000071e000000,0x000000071e000000,0x0000000731000000)
 ParOldGen       total 1214976K, used 816831K [0x00000003c4000000, 0x000000040e280000, 0x000000066c000000)
  object space 1214976K, 67% used [0x00000003c4000000,0x00000003f5dafd40,0x000000040e280000)
 Metaspace       used 191079K, capacity 204945K, committed 205312K, reserved 1214464K
  class space    used 31824K, capacity 40338K, committed 40448K, reserved 1048576K
}
Event: 58.126 GC heap before
{Heap before GC invocations=35 (full 6):
 PSYoungGen      total 3153920K, used 2987943K [0x000000066c000000, 0x000000074a300000, 0x00000007c0000000)
  eden space 2916352K, 100% used [0x000000066c000000,0x000000071e000000,0x000000071e000000)
  from space 237568K, 30% used [0x0000000731000000,0x00000007355e9e40,0x000000073f800000)
  to   space 311296K, 0% used [0x000000071e000000,0x000000071e000000,0x0000000731000000)
 ParOldGen       total 1214976K, used 816831K [0x00000003c4000000, 0x000000040e280000, 0x000000066c000000)
  object space 1214976K, 67% used [0x00000003c4000000,0x00000003f5dafd40,0x000000040e280000)
 Metaspace       used 212095K, capacity 227600K, committed 228096K, reserved 1230848K
  class space    used 36646K, capacity 46233K, committed 46336K, reserved 1048576K
Event: 58.224 GC heap after
Heap after GC invocations=35 (full 6):
 PSYoungGen      total 3227648K, used 287282K [0x000000066c000000, 0x0000000758e80000, 0x00000007c0000000)
  eden space 2916352K, 0% used [0x000000066c000000,0x000000066c000000,0x000000071e000000)
  from space 311296K, 92% used [0x000000071e000000,0x000000072f88cb98,0x0000000731000000)
  to   space 352256K, 0% used [0x0000000743680000,0x0000000743680000,0x0000000758e80000)
 ParOldGen       total 1214976K, used 816839K [0x00000003c4000000, 0x000000040e280000, 0x000000066c000000)
  object space 1214976K, 67% used [0x00000003c4000000,0x00000003f5db1d40,0x000000040e280000)
 Metaspace       used 212095K, capacity 227600K, committed 228096K, reserved 1230848K
  class space    used 36646K, capacity 46233K, committed 46336K, reserved 1048576K
}

Deoptimization events (10 events):
Event: 61.823 Thread 0x0000018aee71a800 Uncommon trap: reason=bimorphic action=maybe_recompile pc=0x0000018af08840f0 method=it.unimi.dsi.fastutil.objects.Object2ObjectOpenHashMap.rehash(I)V @ 76
Event: 61.823 Thread 0x0000018aee71a800 Uncommon trap: reason=bimorphic action=maybe_recompile pc=0x0000018af08840f0 method=it.unimi.dsi.fastutil.objects.Object2ObjectOpenHashMap.rehash(I)V @ 76
Event: 61.824 Thread 0x0000018aee71a800 Uncommon trap: reason=bimorphic action=maybe_recompile pc=0x0000018af2f3fa00 method=it.unimi.dsi.fastutil.objects.Object2ObjectOpenHashMap.insert(Ljava/lang/Object;Ljava/lang/Object;)I @ 91
Event: 61.825 Thread 0x0000018aee71a800 Uncommon trap: reason=bimorphic action=maybe_recompile pc=0x0000018af2f3fa00 method=it.unimi.dsi.fastutil.objects.Object2ObjectOpenHashMap.insert(Ljava/lang/Object;Ljava/lang/Object;)I @ 91
Event: 61.825 Thread 0x0000018aee71a800 Uncommon trap: reason=bimorphic action=maybe_recompile pc=0x0000018af2f3fa00 method=it.unimi.dsi.fastutil.objects.Object2ObjectOpenHashMap.insert(Ljava/lang/Object;Ljava/lang/Object;)I @ 91
Event: 61.825 Thread 0x0000018aee71a800 Uncommon trap: reason=bimorphic action=maybe_recompile pc=0x0000018af2f3fa00 method=it.unimi.dsi.fastutil.objects.Object2ObjectOpenHashMap.insert(Ljava/lang/Object;Ljava/lang/Object;)I @ 91
Event: 61.836 Thread 0x0000018ad7957000 Uncommon trap: reason=unstable_if action=reinterpret pc=0x0000018af17fd518 method=com.paneedah.mwc.asm.ClassInfo.classMatches(Ljava/lang/String;)Z @ 6
Event: 61.837 Thread 0x0000018ad7957000 Uncommon trap: reason=unstable_if action=reinterpret pc=0x0000018af1e1fc30 method=com.paneedah.mwc.asm.ClassInfo.classMatches(Ljava/lang/String;)Z @ 6
Event: 61.841 Thread 0x0000018ad7957000 Uncommon trap: reason=unstable_if action=reinterpret pc=0x0000018af06d983c method=net.minecraftforge.fml.common.asm.transformers.SoundEngineFixTransformer.transform(Ljava/lang/String;Ljava/lang/String;[B)[B @ 553
Event: 61.842 Thread 0x0000018aee71a800 Uncommon trap: reason=bimorphic action=maybe_recompile pc=0x0000018af20c4cc8 method=it.unimi.dsi.fastutil.objects.Object2ObjectOpenHashMap.rehash(I)V @ 76

Classes redefined (0 events):
No events

Internal exceptions (10 events):
Event: 61.239 Thread 0x0000018aee71a800 Exception <a 'java/security/PrivilegedActionException'> (0x00000006e3da4b10) thrown at [E:\jenkins\tmp\workspace\build\src\hotspot\src\share\vm\prims\jvm.cpp, line 1523]
Event: 61.239 Thread 0x0000018aee71a800 Exception <a 'java/security/PrivilegedActionException'> (0x00000006e3da5e40) thrown at [E:\jenkins\tmp\workspace\build\src\hotspot\src\share\vm\prims\jvm.cpp, line 1523]
Event: 61.239 Thread 0x0000018aee71a800 Exception <a 'java/security/PrivilegedActionException'> (0x00000006e3da72a8) thrown at [E:\jenkins\tmp\workspace\build\src\hotspot\src\share\vm\prims\jvm.cpp, line 1523]
Event: 61.829 Thread 0x0000018ad7957000 Exception <a 'java/lang/InterruptedException': sleep interrupted> (0x00000006ed0e7f28) thrown at [E:\jenkins\tmp\workspace\build\src\hotspot\src\share\vm\prims\jvm.cpp, line 3374]
Event: 61.844 Thread 0x0000018ad7957000 Exception <a 'java/security/PrivilegedActionException'> (0x00000006ed3b4dc8) thrown at [E:\jenkins\tmp\workspace\build\src\hotspot\src\share\vm\prims\jvm.cpp, line 1523]
Event: 61.844 Thread 0x0000018ad7957000 Exception <a 'java/security/PrivilegedActionException'> (0x00000006ed3b60f8) thrown at [E:\jenkins\tmp\workspace\build\src\hotspot\src\share\vm\prims\jvm.cpp, line 1523]
Event: 61.844 Thread 0x0000018ad7957000 Exception <a 'java/security/PrivilegedActionException'> (0x00000006ed3b7560) thrown at [E:\jenkins\tmp\workspace\build\src\hotspot\src\share\vm\prims\jvm.cpp, line 1523]
Event: 61.844 Thread 0x0000018ad7957000 Exception <a 'java/security/PrivilegedActionException'> (0x00000006ed3b8bf0) thrown at [E:\jenkins\tmp\workspace\build\src\hotspot\src\share\vm\prims\jvm.cpp, line 1523]
Event: 61.844 Thread 0x0000018ad7957000 Exception <a 'java/security/PrivilegedActionException'> (0x00000006ed3b9f20) thrown at [E:\jenkins\tmp\workspace\build\src\hotspot\src\share\vm\prims\jvm.cpp, line 1523]
Event: 61.844 Thread 0x0000018ad7957000 Exception <a 'java/security/PrivilegedActionException'> (0x00000006ed3bb388) thrown at [E:\jenkins\tmp\workspace\build\src\hotspot\src\share\vm\prims\jvm.cpp, line 1523]

Events (10 events):
Event: 61.842 Thread 0x0000018ad7957000 DEOPT PACKING pc=0x0000018af06d983c sp=0x000000153b5fd7d0
Event: 61.842 Thread 0x0000018ad7957000 DEOPT UNPACKING pc=0x0000018af0275583 sp=0x000000153b5fd778 mode 2
Event: 61.842 Thread 0x0000018aee71a800 Uncommon trap: trap_request=0xffffffc6 fr.pc=0x0000018af20c4cc8
Event: 61.842 Thread 0x0000018aee71a800 DEOPT PACKING pc=0x0000018af20c4cc8 sp=0x0000001535dfe360
Event: 61.842 Thread 0x0000018aee71a800 DEOPT UNPACKING pc=0x0000018af0275583 sp=0x0000001535dfe330 mode 2
Event: 61.844 Thread 0x0000018ad795f000 Thread added: 0x0000018ad795f000
Event: 61.845 loading class net/minecraft/client/renderer/BlockModelShapes$8
Event: 61.845 loading class net/minecraft/client/renderer/BlockModelShapes$8 done
Event: 61.849 Executing VM operation: RevokeBias
Event: 61.849 Executing VM operation: RevokeBias done


Dynamic libraries:
0x00007ff67fc90000 - 0x00007ff67fcca000 	C:\Users\mechl\curseforge\minecraft\Install\java\jre-legacy\bin\javaw.exe
0x00007ff828070000 - 0x00007ff828268000 	C:\Windows\SYSTEM32\ntdll.dll
0x00007ff827870000 - 0x00007ff827932000 	C:\Windows\System32\KERNEL32.DLL
0x00007ff825d90000 - 0x00007ff826086000 	C:\Windows\System32\KERNELBASE.dll
0x00007ff8261b0000 - 0x00007ff826261000 	C:\Windows\System32\ADVAPI32.dll
0x00007ff826bc0000 - 0x00007ff826c5e000 	C:\Windows\System32\msvcrt.dll
0x00007ff827aa0000 - 0x00007ff827b3f000 	C:\Windows\System32\sechost.dll
0x00007ff826cd0000 - 0x00007ff826df0000 	C:\Windows\System32\RPCRT4.dll
0x00007ff825700000 - 0x00007ff825727000 	C:\Windows\System32\bcrypt.dll
0x00007ff826e00000 - 0x00007ff826fa1000 	C:\Windows\System32\USER32.dll
0x00007ff825ad0000 - 0x00007ff825af2000 	C:\Windows\System32\win32u.dll
0x00007ff827a70000 - 0x00007ff827a9b000 	C:\Windows\System32\GDI32.dll
0x00007ff825c70000 - 0x00007ff825d89000 	C:\Windows\System32\gdi32full.dll
0x00007ff825b00000 - 0x00007ff825b9d000 	C:\Windows\System32\msvcp_win.dll
0x00007ff8259d0000 - 0x00007ff825ad0000 	C:\Windows\System32\ucrtbase.dll
0x00007ff824d60000 - 0x00007ff824ffb000 	C:\Windows\WinSxS\amd64_microsoft.windows.common-controls_6595b64144ccf1df_6.0.19041.6456_none_60b8a6cb71f64256\COMCTL32.dll
0x00007ff826a00000 - 0x00007ff826a2f000 	C:\Windows\System32\IMM32.DLL
0x00007fffe8ef0000 - 0x00007fffe8fdf000 	C:\Users\mechl\curseforge\minecraft\Install\java\jre-legacy\bin\msvcr120.dll
0x00007fffd2290000 - 0x00007fffd2336000 	C:\Users\mechl\curseforge\minecraft\Install\java\jre-legacy\bin\msvcp120.dll
0x0000000077790000 - 0x0000000077ffb000 	C:\Users\mechl\curseforge\minecraft\Install\java\jre-legacy\bin\server\jvm.dll
0x00007ff826270000 - 0x00007ff826278000 	C:\Windows\System32\PSAPI.DLL
0x00007ff822350000 - 0x00007ff822377000 	C:\Windows\SYSTEM32\WINMM.dll
0x00007ff80f1c0000 - 0x00007ff80f1c9000 	C:\Windows\SYSTEM32\WSOCK32.dll
0x00007ff823e30000 - 0x00007ff823e3a000 	C:\Windows\SYSTEM32\VERSION.dll
0x00007ff826c60000 - 0x00007ff826ccb000 	C:\Windows\System32\WS2_32.dll
0x00007ff825060000 - 0x00007ff82506f000 	C:\Users\mechl\curseforge\minecraft\Install\java\jre-legacy\bin\verify.dll
0x00007ff80fff0000 - 0x00007ff810019000 	C:\Users\mechl\curseforge\minecraft\Install\java\jre-legacy\bin\java.dll
0x00007ff81d600000 - 0x00007ff81d616000 	C:\Users\mechl\curseforge\minecraft\Install\java\jre-legacy\bin\zip.dll
0x00007ff827070000 - 0x00007ff8277e0000 	C:\Windows\System32\SHELL32.dll
0x00007ff822730000 - 0x00007ff822ed5000 	C:\Windows\SYSTEM32\windows.storage.dll
0x00007ff8266a0000 - 0x00007ff8269f4000 	C:\Windows\System32\combase.dll
0x00007ff824920000 - 0x00007ff82494b000 	C:\Windows\SYSTEM32\Wldp.dll
0x00007ff8279a0000 - 0x00007ff827a6d000 	C:\Windows\System32\OLEAUT32.dll
0x00007ff826a30000 - 0x00007ff826add000 	C:\Windows\System32\SHCORE.dll
0x00007ff827940000 - 0x00007ff82799b000 	C:\Windows\System32\shlwapi.dll
0x00007ff825630000 - 0x00007ff825654000 	C:\Windows\SYSTEM32\profapi.dll
0x00007ff81df60000 - 0x00007ff81df6d000 	C:\Users\mechl\curseforge\minecraft\Install\java\jre-legacy\bin\management.dll
0x00007ff81d5b0000 - 0x00007ff81d5ca000 	C:\Users\mechl\curseforge\minecraft\Install\java\jre-legacy\bin\net.dll
0x00007ff824700000 - 0x00007ff82476a000 	C:\Windows\system32\mswsock.dll
0x00007fffe6c80000 - 0x00007fffe6c97000 	C:\Windows\system32\napinsp.dll
0x00007fffe6c60000 - 0x00007fffe6c7b000 	C:\Windows\system32\pnrpnsp.dll
0x00007ff821220000 - 0x00007ff82123d000 	C:\Windows\system32\wshbth.dll
0x00007ff8210f0000 - 0x00007ff82110d000 	C:\Windows\system32\NLAapi.dll
0x00007ff824400000 - 0x00007ff82443b000 	C:\Windows\SYSTEM32\IPHLPAPI.DLL
0x00007ff824440000 - 0x00007ff82450a000 	C:\Windows\SYSTEM32\DNSAPI.dll
0x00007ff827060000 - 0x00007ff827068000 	C:\Windows\System32\NSI.dll
0x00007fffe6c40000 - 0x00007fffe6c52000 	C:\Windows\System32\winrnr.dll
0x00000000518e0000 - 0x0000000051906000 	C:\Program Files\Bonjour\mdnsNSP.dll
0x00007ff81f900000 - 0x00007ff81f90a000 	C:\Windows\System32\rasadhlp.dll
0x00007ff81c1f0000 - 0x00007ff81c270000 	C:\Windows\System32\fwpuclnt.dll
0x00007ff81d410000 - 0x00007ff81d422000 	C:\Users\mechl\curseforge\minecraft\Install\java\jre-legacy\bin\nio.dll
0x00007ff825470000 - 0x00007ff825488000 	C:\Windows\SYSTEM32\CRYPTSP.dll
0x00007ff8240a0000 - 0x00007ff8240d8000 	C:\Windows\system32\rsaenh.dll
0x00007ff8255f0000 - 0x00007ff82561e000 	C:\Windows\SYSTEM32\USERENV.dll
0x00007ff825940000 - 0x00007ff8259c2000 	C:\Windows\System32\bcryptprimitives.dll
0x00007ff824890000 - 0x00007ff82489c000 	C:\Windows\SYSTEM32\CRYPTBASE.dll
0x00007ff81fc00000 - 0x00007ff81fc17000 	C:\Windows\SYSTEM32\dhcpcsvc6.DLL
0x00007ff81fbe0000 - 0x00007ff81fbfd000 	C:\Windows\SYSTEM32\dhcpcsvc.DLL
0x00007ff80ee50000 - 0x00007ff80ee92000 	C:\Users\mechl\AppData\Local\Temp\jna-103771151\jna1521840539058956814.dll
0x00007ff825430000 - 0x00007ff825463000 	C:\Windows\SYSTEM32\ntmarta.dll
0x00007ff8100e0000 - 0x00007ff8100f7000 	C:\Users\mechl\curseforge\minecraft\Install\java\jre-legacy\bin\unpack.dll
0x00007ff804920000 - 0x00007ff804971000 	C:\Windows\SYSTEM32\pdh.dll
0x00007fffe1dc0000 - 0x00007fffe1dcf000 	C:\Windows\System32\perfproc.dll
0x00007fffe11a0000 - 0x00007fffe11af000 	C:\Windows\System32\perfos.dll
0x0000000180000000 - 0x0000000180053000 	C:\Users\mechl\curseforge\minecraft\Install\natives\forge-14.23.5.2864\lwjgl64.dll
0x00007ff804360000 - 0x00007ff804488000 	C:\Windows\SYSTEM32\OPENGL32.dll
0x00007ff80eb80000 - 0x00007ff80ebac000 	C:\Windows\SYSTEM32\GLU32.dll
0x00007fffcf750000 - 0x00007fffcf8e5000 	C:\Users\mechl\curseforge\minecraft\Install\java\jre-legacy\bin\awt.dll
0x00007ff820a50000 - 0x00007ff820ae4000 	C:\Windows\SYSTEM32\apphelp.dll
0x00007ff820450000 - 0x00007ff8204fe000 	C:\Windows\SYSTEM32\mscms.dll
0x00007ff8203d0000 - 0x00007ff8203e1000 	C:\Windows\SYSTEM32\ColorAdapterClient.dll
0x00007ff823de0000 - 0x00007ff823df2000 	C:\Windows\SYSTEM32\kernel.appcore.dll
0x00007ff8221a0000 - 0x00007ff82223e000 	C:\Windows\system32\uxtheme.dll
0x00007ff826090000 - 0x00007ff8261a5000 	C:\Windows\System32\MSCTF.dll
0x00007ff80f8a0000 - 0x00007ff80f999000 	C:\Windows\SYSTEM32\textinputframework.dll
0x00007ff81eef0000 - 0x00007ff81f24b000 	C:\Windows\System32\CoreUIComponents.dll
0x00007ff8208e0000 - 0x00007ff8209d2000 	C:\Windows\System32\CoreMessaging.dll
0x00007ff8212a0000 - 0x00007ff8213f7000 	C:\Windows\SYSTEM32\wintypes.dll
0x00007ff80aff0000 - 0x00007ff80b056000 	C:\Windows\system32\Oleacc.dll
0x00007ff826280000 - 0x00007ff8263ab000 	C:\Windows\System32\ole32.dll
0x00007ff826fb0000 - 0x00007ff827059000 	C:\Windows\System32\clbcatq.dll
0x00007ffef2fd0000 - 0x00007ffef58f5000 	C:\Windows\System32\DriverStore\FileRepository\nvdmi.inf_amd64_3e49cbaa7914f4e1\nvoglv64.dll
0x00007ff827b40000 - 0x00007ff827fb0000 	C:\Windows\System32\SETUPAPI.dll
0x00007ff825ba0000 - 0x00007ff825bee000 	C:\Windows\System32\cfgmgr32.dll
0x00007ff823e60000 - 0x00007ff823e74000 	C:\Windows\SYSTEM32\WTSAPI32.dll
0x00007ff824b90000 - 0x00007ff824ba2000 	C:\Windows\SYSTEM32\msasn1.dll
0x00007ff819960000 - 0x00007ff819991000 	C:\Windows\SYSTEM32\cryptnet.dll
0x00007ff825730000 - 0x00007ff82588d000 	C:\Windows\System32\CRYPT32.dll
0x00007ff819810000 - 0x00007ff819957000 	C:\Windows\SYSTEM32\drvstore.dll
0x00007ff8254b0000 - 0x00007ff8254e3000 	C:\Windows\SYSTEM32\devobj.dll
0x00007ff825bf0000 - 0x00007ff825c63000 	C:\Windows\System32\WINTRUST.dll
0x00007ff826b40000 - 0x00007ff826b5d000 	C:\Windows\System32\imagehlp.dll
0x00007fff9a240000 - 0x00007fff9ef3f000 	C:\Windows\System32\DriverStore\FileRepository\nvdmi.inf_amd64_3e49cbaa7914f4e1\nvgpucomp64.dll
0x00007ff8199c0000 - 0x00007ff8199fb000 	C:\Windows\SYSTEM32\dxcore.dll
0x00007fffa5f00000 - 0x00007fffa6047000 	C:\Windows\system32\nvspcap64.dll
0x00007ff8233f0000 - 0x00007ff82341e000 	C:\Windows\SYSTEM32\dwmapi.dll
0x00007ff820340000 - 0x00007ff820385000 	C:\Windows\SYSTEM32\icm32.dll
0x00007ff8252f0000 - 0x00007ff82533b000 	C:\Windows\SYSTEM32\powrprof.dll
0x00007ff825000000 - 0x00007ff825012000 	C:\Windows\SYSTEM32\UMPDC.dll
0x00007ff823b40000 - 0x00007ff823ba3000 	C:\Windows\SYSTEM32\WINSTA.dll
0x00007ff822f40000 - 0x00007ff823036000 	C:\Windows\system32\dxgi.dll
0x00007ff81e490000 - 0x00007ff81e6f4000 	C:\Windows\system32\d3d11.dll
0x00007fffdb640000 - 0x00007fffdb704000 	C:\Windows\System32\DriverStore\FileRepository\nvdmi.inf_amd64_3e49cbaa7914f4e1\nvldumdx.dll
0x00007fffd47c0000 - 0x00007fffd48f0000 	C:\Windows\System32\DriverStore\FileRepository\nvdmi.inf_amd64_3e49cbaa7914f4e1\NvMemMapStoragex.dll
0x00007fff8d9a0000 - 0x00007fff92a8e000 	C:\Windows\System32\DriverStore\FileRepository\nvdmi.inf_amd64_3e49cbaa7914f4e1\nvwgf2umx.dll
0x00007fffa5a60000 - 0x00007fffa5c17000 	C:\Windows\System32\DriverStore\FileRepository\nvdmi.inf_amd64_3e49cbaa7914f4e1\nvppex.dll
0x00007ff8108a0000 - 0x00007ff810e35000 	C:\Windows\SYSTEM32\nvapi64.dll
0x00007ff819570000 - 0x00007ff819803000 	C:\Windows\System32\DriverStore\FileRepository\iigd_dch.inf_amd64_dc93d38ec2e03f7d\igd10iumd64.dll
0x00007ff818450000 - 0x00007ff819565000 	C:\Windows\System32\DriverStore\FileRepository\iigd_dch.inf_amd64_dc93d38ec2e03f7d\igd10um64xe.DLL
0x00007fffd3860000 - 0x00007fffd390c000 	C:\Windows\System32\DriverStore\FileRepository\iigd_dch.inf_amd64_dc93d38ec2e03f7d\IntelControlLib.dll
0x00007ff817d30000 - 0x00007ff8182da000 	C:\Windows\System32\DriverStore\FileRepository\iigd_dch.inf_amd64_dc93d38ec2e03f7d\igdgmm64.dll
0x00007ff812ab0000 - 0x00007ff817d24000 	C:\Windows\System32\DriverStore\FileRepository\iigd_dch.inf_amd64_dc93d38ec2e03f7d\igc64.dll
0x00007ff81ed00000 - 0x00007ff81eee4000 	C:\Windows\SYSTEM32\dcomp.dll
0x00007ff80b110000 - 0x00007ff80b133000 	C:\Users\mechl\curseforge\minecraft\Install\java\jre-legacy\bin\sunec.dll
0x00007ff80f6f0000 - 0x00007ff80f6fc000 	C:\Users\mechl\curseforge\minecraft\Install\java\jre-legacy\bin\sunmscapi.dll
0x00007ff824ab0000 - 0x00007ff824ad7000 	C:\Windows\SYSTEM32\ncrypt.dll
0x00007ff824a70000 - 0x00007ff824aab000 	C:\Windows\SYSTEM32\NTASN1.dll
0x0000018abcf70000 - 0x0000018abcfd4000 	C:\Users\mechl\curseforge\minecraft\Install\natives\forge-14.23.5.2864\OpenAL64.dll
0x00007fff76bc0000 - 0x00007fff76c5c000 	C:\Windows\SYSTEM32\dsound.dll
0x00007ff800880000 - 0x00007ff8008a6000 	C:\Windows\SYSTEM32\winmmbase.dll
0x00007ff820650000 - 0x00007ff8206d5000 	C:\Windows\System32\MMDevApi.dll
0x00007ff8206e0000 - 0x00007ff820861000 	C:\Windows\SYSTEM32\AUDIOSES.DLL
0x00007ff823420000 - 0x00007ff823434000 	C:\Windows\SYSTEM32\resourcepolicyclient.dll
0x00007ff8250e0000 - 0x00007ff8252e1000 	C:\Windows\SYSTEM32\dbghelp.dll

VM Arguments:
jvm_args: -Djava.library.path=C:\Users\mechl\curseforge\minecraft\Install\natives\forge-14.23.5.2864 -Xmx16320m -Xms256m -Dfml.ignorePatchDiscrepancies=true -Dfml.ignoreInvalidMinecraftCertificates=true -DlibraryDirectory=C:\Users\mechl\curseforge\minecraft\Install\libraries -DCFInstanceId=7d48b18d-cd28-4d06-9a5d-de80553040ec -Dlog4j.configurationFile=C:\Users\mechl\curseforge\minecraft\Install\assets\log_configs\client-1.12.xml 
java_command: net.minecraft.launchwrapper.Launch --username voroxity --version forge-14.23.5.2864 --gameDir C:\Users\mechl\curseforge\minecraft\Instances\Living-Nightmare --assetsDir C:\Users\mechl\curseforge\minecraft\Install\assets --assetIndex 1.12 --uuid 558e41594b154f9082439d15f9364405 --accessToken eyJraWQiOiIwNDkxODEiLCJhbGciOiJSUzI1NiJ9.eyJ4dWlkIjoiMjUzNTQ2Mjk3ODA1NjU3MSIsImFnZyI6IkFkdWx0Iiwic3ViIjoiYjU5NzI3MzEtMTk2Ny00NGY5LWE2M2YtNzA1NjEyNzIwMjBhIiwiYXV0aCI6IlhCT1giLCJucyI6ImRlZmF1bHQiLCJyb2xlcyI6W10sImlzcyI6ImF1dGhlbnRpY2F0aW9uIiwiZmxhZ3MiOlsidHdvZmFjdG9yYXV0aCIsIm11bHRpcGxheWVyIiwib3JkZXJzXzIwMjIiLCJtc2FtaWdyYXRpb25fc3RhZ2U0Il0sInByb2ZpbGVzIjp7Im1jIjoiNTU4ZTQxNTktNGIxNS00ZjkwLTgyNDMtOWQxNWY5MzY0NDA1In0sInBsYXRmb3JtIjoiUENfTEFVTkNIRVIiLCJwZmQiOlt7InR5cGUiOiJtYyIsImlkIjoiNTU4ZTQxNTktNGIxNS00ZjkwLTgyNDMtOWQxNWY5MzY0NDA1IiwibmFtZSI6InZvcm94aXR5In1dLCJuYmYiOjE3NzE5ODU3NjgsImV4cCI6MTc3MjA3MjE2OCwiaWF0IjoxNzcxOTg1NzY4LCJhaWQiOiJkNWIyZTA3OS0yYzJjLTRhZGUtOWRhYi0xYzFlYjIwNDE2MmEifQ.yNvLhvPlzVYqcRUatjEYNtFucYdv5I9NCq3_k7-JBRGtqlD7o_1m9m_QONk3uk3_jhRVrywbWO-HaADNM9_XtKTswoyhQCh7MDAWerH3tj17Gmf46hZRly1SyJr0TPyNzD8kdVTzStkyrnj0P1HJ4-Pbas7t_F-hktND1twFRzO_glONHwYoyyUcdQKYBQTPwX_SDhgTvXHETbWcyLr9Fv2U0ODI8PWrTF7OkPHNmpo5r0j1LaGJG1El3u9V9Fwqn7n718XzlDtHeOBx9Pmg0i-RmMsG0lRkRAz7u8yYW2PVhjR1PCEkmMCUuY19C8bKlkSADm-ACnom2vLxKb5dfw --userType msa --tweakClass net.minecraftforge.fml.common.launcher.FMLTweaker --versionType Forge --width 1024 --height 768
java_class_path (initial): C:\Users\mechl\curseforge\minecraft\Install\libraries\net\minecraftforge\forge\1.12.2-14.23.5.2864\forge-1.12.2-14.23.5.2864.jar;C:\Users\mechl\curseforge\minecraft\Install\libraries\org\ow2\asm\asm-debug-all\5.2\asm-debug-all-5.2.jar;C:\Users\mechl\curseforge\minecraft\Install\libraries\net\minecraft\launchwrapper\1.12\launchwrapper-1.12.jar;C:\Users\mechl\curseforge\minecraft\Install\libraries\org\jline\jline\3.5.1\jline-3.5.1.jar;C:\Users\mechl\curseforge\minecraft\Install\libraries\com\typesafe\akka\akka-actor_2.11\2.3.3\akka-actor_2.11-2.3.3.jar;C:\Users\mechl\curseforge\minecraft\Install\libraries\com\typesafe\config\1.2.1\config-1.2.1.jar;C:\Users\mechl\curseforge\minecraft\Install\libraries\org\scala-lang\scala-actors-migration_2.11\1.1.0\scala-actors-migration_2.11-1.1.0.jar;C:\Users\mechl\curseforge\minecraft\Install\libraries\org\scala-lang\scala-compiler\2.11.1\scala-compiler-2.11.1.jar;C:\Users\mechl\curseforge\minecraft\Install\libraries\org\scala-lang\plugins\scala-continuations-library_2.11\1.0.2_mc\scala-continuations-library_2.11-1.0.2_mc.jar;C:\Users\mechl\curseforge\minecraft\Install\libraries\org\scala-lang\plugins\scala-continuations-plugin_2.11.1\1.0.2_mc\scala-continuations-plugin_2.11.1-1.0.2_mc.jar;C:\Users\mechl\curseforge\minecraft\Install\libraries\org\scala-lang\scala-library\2.11.1\scala-library-2.11.1.jar;C:\Users\mechl\curseforge\minecraft\Install\libraries\org\scala-lang\scala-parser-combinators_2.11\1.0.1\scala-parser-combinators_2.11-1.0.1.jar;C:\Users\mechl\curseforge\minecraft\Install\libraries\org\scala-lang\scala-reflect\2.11.1\scala-reflect-2.11.1.jar;C:\Users\mechl\curseforge\minecraft\Install\libraries\org\scala-lang\scala-swing_2.11\1.0.1\scala-swing_2.11-1.0.1.jar;C:\Users\mechl\curseforge\minecraft\Install\libraries\org\scala-lang\scala-xml_2.11\1.0.2\scala-xml_2.11-1.0.2.jar;C:\Users\mechl\curseforge\minecraft\Install\libraries\lzma\lzma\0.0.1\lzma-0.0.1.jar;C:\Users\mechl\curseforge\minecra
Launcher Type: SUN_STANDARD

Environment Variables:
PATH=C:\Program Files\Common Files\Oracle\Java\javapath;C:\Program Files (x86)\Common Files\Oracle\Java\java8path;C:\Program Files (x86)\Common Files\Oracle\Java\javapath;C:\Program Files\Eclipse Adoptium\jdk-17.0.4.101-hotspot\bin;C:\Windows\system32;C:\Windows;C:\Windows\System32\Wbem;C:\Windows\System32\WindowsPowerShell\v1.0\;C:\Windows\System32\OpenSSH\;C:\Program Files\Microsoft SQL Server\Client SDK\ODBC\110\Tools\Binn\;C:\Program Files (x86)\Microsoft SQL Server\120\Tools\Binn\;C:\Program Files\Microsoft SQL Server\120\Tools\Binn\;C:\Program Files\Microsoft SQL Server\120\DTS\Binn\;C:\Program Files (x86)\Windows Kits\8.1\Windows Performance Toolkit\;C:\Program Files\WorldPainter;C:\Program Files\dotnet\;C:\Program Files\Maven\apache-maven-3.8.6\bin;C:\Program Files\NVIDIA Corporation\NVIDIA app\NvDLISR;C:\Program Files\MATLAB\R2025a\bin;C:\Program Files (x86)\NVIDIA Corporation\PhysX\Common;C:\Program Files\Git\cmd;C:\Users\mechl\AppData\Local\Microsoft\WindowsApps;C:\Users\mechl\AppData\Local\Programs\Microsoft VS Code\bin;C:\Program Files\JetBrains\IntelliJ IDEA Community Edition 2022.2.2\bin;;C:\Users\mechl\.dotnet\tools;C:\Program Files (x86)\Nmap;C:\Users\mechl\AppData\Local\GitHubDesktop\bin
USERNAME=mechl
OS=Windows_NT
PROCESSOR_IDENTIFIER=Intel64 Family 6 Model 141 Stepping 1, GenuineIntel



---------------  S Y S T E M  ---------------

OS: Windows 10.0 , 64 bit Build 19041 (10.0.19041.5915)

CPU:total 16 (initial active 16) (8 cores per cpu, 2 threads per core) family 6 model 141 stepping 1, cmov, cx8, fxsr, mmx, sse, sse2, sse3, ssse3, sse4.1, sse4.2, popcnt, avx, avx2, aes, clmul, erms, 3dnowpref, lzcnt, ht, tsc, tscinvbit, bmi1, bmi2, adx

Memory: 4k page, physical 33270884k(10470032k free), swap 42361924k(6158084k free)

vm_info: OpenJDK 64-Bit Server VM (25.312-b07) for windows-amd64 JRE (1.8.0_312-b07), built on Oct 19 2021 15:47:56 by "jenkins" with MS VC++ 12.0 (VS2013)

time: Tue Feb 24 22:11:23 2026
timezone: Eastern Standard Time
elapsed time: 61.876905 seconds (0d 0h 1m 1s)

